[dotenv@17.2.4] injecting env (7) from .env.local -- tip: 👥 sync secrets across teammates & machines: https://dotenvx.com/ops

=
=
=
=
=
=
=
=
=
=
=
=
=
=
=
=
=
=
=
=
=
=
=
=
=
=
=
=
=
=
=
=
=
=
=
=
=
=
=
=
=
=
=
=
=
=
=
=
=
=
=
=
=
=
=
=
=
=
=
=
=
=
=
=
=
=
=
=
=
=
=
=
=
=
=
=
=
=
=
=
Testing KRX APIs - Last 5 days
================================================================================

📅 20260209 (월) - 2026. 2. 9.
--------------------------------------------------------------------------------
  주식 API (stk_bydd_trd):  ✅ 200 - 0 stocks
  ETF API (etf_bydd_trd):   ❌ 404 - 0 ETFs

📅 20260208 (일) - 2026. 2. 8.
--------------------------------------------------------------------------------
  주식 API (stk_bydd_trd):  ✅ 200 - 0 stocks
  ETF API (etf_bydd_trd):   ❌ 404 - 0 ETFs

📅 20260207 (토) - 2026. 2. 7.
--------------------------------------------------------------------------------
  주식 API (stk_bydd_trd):  ✅ 200 - 0 stocks
  ETF API (etf_bydd_trd):   ❌ 404 - 0 ETFs

📅 20260206 (금) - 2026. 2. 6.
--------------------------------------------------------------------------------
  주식 API (stk_bydd_trd):  ✅ 200 - 951 stocks
  ETF API (etf_bydd_trd):   ❌ 404 - 0 ETFs

📅 20260205 (목) - 2026. 2. 5.
--------------------------------------------------------------------------------
  주식 API (stk_bydd_trd):  ✅ 200 - 951 stocks
  ETF API (etf_bydd_trd):   ❌ 404 - 0 ETFs

================================================================================
